// Jest Snapshot v1, https://goo.gl/fbAQLP

exports[`Calculator page should match the snapshot 1`] = `
<div
  className="MuiGrid-root MuiGrid-container MuiGrid-direction-xs-column MuiGrid-align-items-xs-center MuiGrid-justify-xs-center"
>
  <div
    className="makeStyles-calWidth-1"
  >
    <div
      className="makeStyles-root-2"
    >
      0
    </div>
    <div>
      <button
        className="MuiButtonBase-root MuiButton-root MuiButton-contained makeStyles-root-3 makeStyles-topPanel-5 MuiButton-containedPrimary"
        disabled={false}
        name="AC"
        onBlur={[Function]}
        onClick={[Function]}
        onDragLeave={[Function]}
        onFocus={[Function]}
        onKeyDown={[Function]}
        onKeyUp={[Function]}
        onMouseDown={[Function]}
        onMouseLeave={[Function]}
        onMouseUp={[Function]}
        onTouchEnd={[Function]}
        onTouchMove={[Function]}
        onTouchStart={[Function]}
        tabIndex={0}
        type="button"
      >
        <span
          className="MuiButton-label"
        >
          AC
        </span>
      </button>
      <button
        className="MuiButtonBase-root MuiButton-root MuiButton-contained makeStyles-root-3 makeStyles-topPanel-5 MuiButton-containedPrimary"
        disabled={false}
        name="+/-"
        onBlur={[Function]}
        onClick={[Function]}
        onDragLeave={[Function]}
        onFocus={[Function]}
        onKeyDown={[Function]}
        onKeyUp={[Function]}
        onMouseDown={[Function]}
        onMouseLeave={[Function]}
        onMouseUp={[Function]}
        onTouchEnd={[Function]}
        onTouchMove={[Function]}
        onTouchStart={[Function]}
        tabIndex={0}
        type="button"
      >
        <span
          className="MuiButton-label"
        >
          +/-
        </span>
      </button>
      <button
        className="MuiButtonBase-root MuiButton-root MuiButton-contained makeStyles-root-3 makeStyles-topPanel-5 MuiButton-containedPrimary"
        disabled={false}
        name="%"
        onBlur={[Function]}
        onClick={[Function]}
        onDragLeave={[Function]}
        onFocus={[Function]}
        onKeyDown={[Function]}
        onKeyUp={[Function]}
        onMouseDown={[Function]}
        onMouseLeave={[Function]}
        onMouseUp={[Function]}
        onTouchEnd={[Function]}
        onTouchMove={[Function]}
        onTouchStart={[Function]}
        tabIndex={0}
        type="button"
      >
        <span
          className="MuiButton-label"
        >
          %
        </span>
      </button>
      <button
        className="MuiButtonBase-root MuiButton-root MuiButton-contained makeStyles-root-3 MuiButton-containedSecondary"
        disabled={false}
        name="÷"
        onBlur={[Function]}
        onClick={[Function]}
        onDragLeave={[Function]}
        onFocus={[Function]}
        onKeyDown={[Function]}
        onKeyUp={[Function]}
        onMouseDown={[Function]}
        onMouseLeave={[Function]}
        onMouseUp={[Function]}
        onTouchEnd={[Function]}
        onTouchMove={[Function]}
        onTouchStart={[Function]}
        tabIndex={0}
        type="button"
      >
        <span
          className="MuiButton-label"
        >
          ÷
        </span>
      </button>
    </div>
    <div>
      <button
        className="MuiButtonBase-root MuiButton-root MuiButton-contained makeStyles-root-3 MuiButton-containedPrimary"
        disabled={false}
        name="7"
        onBlur={[Function]}
        onClick={[Function]}
        onDragLeave={[Function]}
        onFocus={[Function]}
        onKeyDown={[Function]}
        onKeyUp={[Function]}
        onMouseDown={[Function]}
        onMouseLeave={[Function]}
        onMouseUp={[Function]}
        onTouchEnd={[Function]}
        onTouchMove={[Function]}
        onTouchStart={[Function]}
        tabIndex={0}
        type="button"
      >
        <span
          className="MuiButton-label"
        >
          7
        </span>
      </button>
      <button
        className="MuiButtonBase-root MuiButton-root MuiButton-contained makeStyles-root-3 MuiButton-containedPrimary"
        disabled={false}
        name="8"
        onBlur={[Function]}
        onClick={[Function]}
        onDragLeave={[Function]}
        onFocus={[Function]}
        onKeyDown={[Function]}
        onKeyUp={[Function]}
        onMouseDown={[Function]}
        onMouseLeave={[Function]}
        onMouseUp={[Function]}
        onTouchEnd={[Function]}
        onTouchMove={[Function]}
        onTouchStart={[Function]}
        tabIndex={0}
        type="button"
      >
        <span
          className="MuiButton-label"
        >
          8
        </span>
      </button>
      <button
        className="MuiButtonBase-root MuiButton-root MuiButton-contained makeStyles-root-3 MuiButton-containedPrimary"
        disabled={false}
        name="9"
        onBlur={[Function]}
        onClick={[Function]}
        onDragLeave={[Function]}
        onFocus={[Function]}
        onKeyDown={[Function]}
        onKeyUp={[Function]}
        onMouseDown={[Function]}
        onMouseLeave={[Function]}
        onMouseUp={[Function]}
        onTouchEnd={[Function]}
        onTouchMove={[Function]}
        onTouchStart={[Function]}
        tabIndex={0}
        type="button"
      >
        <span
          className="MuiButton-label"
        >
          9
        </span>
      </button>
      <button
        className="MuiButtonBase-root MuiButton-root MuiButton-contained makeStyles-root-3 MuiButton-containedSecondary"
        disabled={false}
        name="×"
        onBlur={[Function]}
        onClick={[Function]}
        onDragLeave={[Function]}
        onFocus={[Function]}
        onKeyDown={[Function]}
        onKeyUp={[Function]}
        onMouseDown={[Function]}
        onMouseLeave={[Function]}
        onMouseUp={[Function]}
        onTouchEnd={[Function]}
        onTouchMove={[Function]}
        onTouchStart={[Function]}
        tabIndex={0}
        type="button"
      >
        <span
          className="MuiButton-label"
        >
          ×
        </span>
      </button>
    </div>
    <div>
      <button
        className="MuiButtonBase-root MuiButton-root MuiButton-contained makeStyles-root-3 MuiButton-containedPrimary"
        disabled={false}
        name="4"
        onBlur={[Function]}
        onClick={[Function]}
        onDragLeave={[Function]}
        onFocus={[Function]}
        onKeyDown={[Function]}
        onKeyUp={[Function]}
        onMouseDown={[Function]}
        onMouseLeave={[Function]}
        onMouseUp={[Function]}
        onTouchEnd={[Function]}
        onTouchMove={[Function]}
        onTouchStart={[Function]}
        tabIndex={0}
        type="button"
      >
        <span
          className="MuiButton-label"
        >
          4
        </span>
      </button>
      <button
        className="MuiButtonBase-root MuiButton-root MuiButton-contained makeStyles-root-3 MuiButton-containedPrimary"
        disabled={false}
        name="5"
        onBlur={[Function]}
        onClick={[Function]}
        onDragLeave={[Function]}
        onFocus={[Function]}
        onKeyDown={[Function]}
        onKeyUp={[Function]}
        onMouseDown={[Function]}
        onMouseLeave={[Function]}
        onMouseUp={[Function]}
        onTouchEnd={[Function]}
        onTouchMove={[Function]}
        onTouchStart={[Function]}
        tabIndex={0}
        type="button"
      >
        <span
          className="MuiButton-label"
        >
          5
        </span>
      </button>
      <button
        className="MuiButtonBase-root MuiButton-root MuiButton-contained makeStyles-root-3 MuiButton-containedPrimary"
        disabled={false}
        name="6"
        onBlur={[Function]}
        onClick={[Function]}
        onDragLeave={[Function]}
        onFocus={[Function]}
        onKeyDown={[Function]}
        onKeyUp={[Function]}
        onMouseDown={[Function]}
        onMouseLeave={[Function]}
        onMouseUp={[Function]}
        onTouchEnd={[Function]}
        onTouchMove={[Function]}
        onTouchStart={[Function]}
        tabIndex={0}
        type="button"
      >
        <span
          className="MuiButton-label"
        >
          6
        </span>
      </button>
      <button
        className="MuiButtonBase-root MuiButton-root MuiButton-contained makeStyles-root-3 MuiButton-containedSecondary"
        disabled={false}
        name="−"
        onBlur={[Function]}
        onClick={[Function]}
        onDragLeave={[Function]}
        onFocus={[Function]}
        onKeyDown={[Function]}
        onKeyUp={[Function]}
        onMouseDown={[Function]}
        onMouseLeave={[Function]}
        onMouseUp={[Function]}
        onTouchEnd={[Function]}
        onTouchMove={[Function]}
        onTouchStart={[Function]}
        tabIndex={0}
        type="button"
      >
        <span
          className="MuiButton-label"
        >
          −
        </span>
      </button>
    </div>
    <div>
      <button
        className="MuiButtonBase-root MuiButton-root MuiButton-contained makeStyles-root-3 MuiButton-containedPrimary"
        disabled={false}
        name="1"
        onBlur={[Function]}
        onClick={[Function]}
        onDragLeave={[Function]}
        onFocus={[Function]}
        onKeyDown={[Function]}
        onKeyUp={[Function]}
        onMouseDown={[Function]}
        onMouseLeave={[Function]}
        onMouseUp={[Function]}
        onTouchEnd={[Function]}
        onTouchMove={[Function]}
        onTouchStart={[Function]}
        tabIndex={0}
        type="button"
      >
        <span
          className="MuiButton-label"
        >
          1
        </span>
      </button>
      <button
        className="MuiButtonBase-root MuiButton-root MuiButton-contained makeStyles-root-3 MuiButton-containedPrimary"
        disabled={false}
        name="2"
        onBlur={[Function]}
        onClick={[Function]}
        onDragLeave={[Function]}
        onFocus={[Function]}
        onKeyDown={[Function]}
        onKeyUp={[Function]}
        onMouseDown={[Function]}
        onMouseLeave={[Function]}
        onMouseUp={[Function]}
        onTouchEnd={[Function]}
        onTouchMove={[Function]}
        onTouchStart={[Function]}
        tabIndex={0}
        type="button"
      >
        <span
          className="MuiButton-label"
        >
          2
        </span>
      </button>
      <button
        className="MuiButtonBase-root MuiButton-root MuiButton-contained makeStyles-root-3 MuiButton-containedPrimary"
        disabled={false}
        name="3"
        onBlur={[Function]}
        onClick={[Function]}
        onDragLeave={[Function]}
        onFocus={[Function]}
        onKeyDown={[Function]}
        onKeyUp={[Function]}
        onMouseDown={[Function]}
        onMouseLeave={[Function]}
        onMouseUp={[Function]}
        onTouchEnd={[Function]}
        onTouchMove={[Function]}
        onTouchStart={[Function]}
        tabIndex={0}
        type="button"
      >
        <span
          className="MuiButton-label"
        >
          3
        </span>
      </button>
      <button
        className="MuiButtonBase-root MuiButton-root MuiButton-contained makeStyles-root-3 MuiButton-containedSecondary"
        disabled={false}
        name="+"
        onBlur={[Function]}
        onClick={[Function]}
        onDragLeave={[Function]}
        onFocus={[Function]}
        onKeyDown={[Function]}
        onKeyUp={[Function]}
        onMouseDown={[Function]}
        onMouseLeave={[Function]}
        onMouseUp={[Function]}
        onTouchEnd={[Function]}
        onTouchMove={[Function]}
        onTouchStart={[Function]}
        tabIndex={0}
        type="button"
      >
        <span
          className="MuiButton-label"
        >
          +
        </span>
      </button>
    </div>
    <div>
      <button
        className="MuiButtonBase-root MuiButton-root MuiButton-contained makeStyles-root-3 makeStyles-zeroButton-4 MuiButton-containedPrimary"
        disabled={false}
        name="0"
        onBlur={[Function]}
        onClick={[Function]}
        onDragLeave={[Function]}
        onFocus={[Function]}
        onKeyDown={[Function]}
        onKeyUp={[Function]}
        onMouseDown={[Function]}
        onMouseLeave={[Function]}
        onMouseUp={[Function]}
        onTouchEnd={[Function]}
        onTouchMove={[Function]}
        onTouchStart={[Function]}
        tabIndex={0}
        type="button"
      >
        <span
          className="MuiButton-label"
        >
          0
        </span>
      </button>
      <button
        className="MuiButtonBase-root MuiButton-root MuiButton-contained makeStyles-root-3 MuiButton-containedPrimary"
        disabled={false}
        name="."
        onBlur={[Function]}
        onClick={[Function]}
        onDragLeave={[Function]}
        onFocus={[Function]}
        onKeyDown={[Function]}
        onKeyUp={[Function]}
        onMouseDown={[Function]}
        onMouseLeave={[Function]}
        onMouseUp={[Function]}
        onTouchEnd={[Function]}
        onTouchMove={[Function]}
        onTouchStart={[Function]}
        tabIndex={0}
        type="button"
      >
        <span
          className="MuiButton-label"
        >
          .
        </span>
      </button>
      <button
        className="MuiButtonBase-root MuiButton-root MuiButton-contained makeStyles-root-3 MuiButton-containedSecondary"
        disabled={false}
        name="="
        onBlur={[Function]}
        onClick={[Function]}
        onDragLeave={[Function]}
        onFocus={[Function]}
        onKeyDown={[Function]}
        onKeyUp={[Function]}
        onMouseDown={[Function]}
        onMouseLeave={[Function]}
        onMouseUp={[Function]}
        onTouchEnd={[Function]}
        onTouchMove={[Function]}
        onTouchStart={[Function]}
        tabIndex={0}
        type="button"
      >
        <span
          className="MuiButton-label"
        >
          =
        </span>
      </button>
    </div>
  </div>
</div>
`;
